<!DOCTYPE html>
<html lang="en">
  <head>
    <title>Environmental Variables</title>
  </head>
  <body>
    <h1>Environmental Variables</h1>
    <p>This is the environmental variable "npm_package_config_foo":</p><code>
      <pre>bar overriden</pre></code>
  </body>
</html>